Archive member included to satisfy reference by file (symbol)

/usr/lib/gcc/x86_64-linux-gnu/7/32/libgcc.a(_udivdi3.o)
                              Support_Files/GPIO_I2C.o (__udivdi3)

Allocating common symbols
Common symbol       size              file

ulRegTest1Counter   0x4               Full_Demo/main_full.o
xQueueSetSendingTask
                    0x4               Full_Demo/Standard_Demo_Tasks/Minimal/QueueSet.o
xHighPriorityTask   0x4               Full_Demo/Standard_Demo_Tasks/Minimal/QPeek.o
xMediumPriorityTask
                    0x4               Full_Demo/Standard_Demo_Tasks/Minimal/QPeek.o
xQueueRegistry      0x40              FreeRTOS_Source/queue.o
ulRegTest2Counter   0x4               Full_Demo/main_full.o
xHighPriorityNormallyEmptyTask2
                    0x4               Full_Demo/Standard_Demo_Tasks/Minimal/IntQueue.o
RegValue            0x4               Support_Files/galileo-support.o
xHighPriorityNormallyFullTask1
                    0x4               Full_Demo/Standard_Demo_Tasks/Minimal/IntQueue.o
xHighPriorityNormallyEmptyTask1
                    0x4               Full_Demo/Standard_Demo_Tasks/Minimal/IntQueue.o
xHighestPriorityTask
                    0x4               Full_Demo/Standard_Demo_Tasks/Minimal/QPeek.o
hpet_general_status
                    0x4               Support_Files/HPET.o
xCreatedTask        0x4               Full_Demo/Standard_Demo_Tasks/Minimal/death.o
xQueueSetReceivingTask
                    0x4               Full_Demo/Standard_Demo_Tasks/Minimal/QueueSet.o
e                   0x1               Support_Files/galileo-support.o
xSuspendedTestQueue
                    0x4               Full_Demo/Standard_Demo_Tasks/Minimal/dynamic.o
xHighPriorityNormallyFullTask2
                    0x4               Full_Demo/Standard_Demo_Tasks/Minimal/IntQueue.o

Discarded input sections

 .group         0x0000000000000000        0x8 Blinky_Demo/main_blinky.o
 .group         0x0000000000000000        0xc Blinky_Demo/main_blinky.o
 .group         0x0000000000000000        0xc Blinky_Demo/main_blinky.o
 .group         0x0000000000000000        0xc Blinky_Demo/main_blinky.o
 .group         0x0000000000000000        0xc Blinky_Demo/main_blinky.o
 .group         0x0000000000000000        0xc Blinky_Demo/main_blinky.o
 .group         0x0000000000000000        0xc Blinky_Demo/main_blinky.o
 .group         0x0000000000000000        0xc Blinky_Demo/main_blinky.o
 .group         0x0000000000000000        0xc Blinky_Demo/main_blinky.o
 .group         0x0000000000000000        0xc Blinky_Demo/main_blinky.o
 .group         0x0000000000000000        0xc Blinky_Demo/main_blinky.o
 .group         0x0000000000000000        0xc Blinky_Demo/main_blinky.o
 .group         0x0000000000000000        0xc Blinky_Demo/main_blinky.o
 .group         0x0000000000000000        0xc Blinky_Demo/main_blinky.o
 .group         0x0000000000000000        0xc Blinky_Demo/main_blinky.o
 .group         0x0000000000000000        0xc Blinky_Demo/main_blinky.o
 .group         0x0000000000000000        0xc Blinky_Demo/main_blinky.o
 .group         0x0000000000000000        0xc Blinky_Demo/main_blinky.o
 .text          0x0000000000000000        0x0 Blinky_Demo/main_blinky.o
 .data          0x0000000000000000        0x0 Blinky_Demo/main_blinky.o
 .bss           0x0000000000000000        0x4 Blinky_Demo/main_blinky.o
 .rodata        0x0000000000000000       0x4c Blinky_Demo/main_blinky.o
 .text.main_blinky
                0x0000000000000000       0x82 Blinky_Demo/main_blinky.o
 .text.prvQueueSendTask
                0x0000000000000000       0x4e Blinky_Demo/main_blinky.o
 .text.prvQueueReceiveTask
                0x0000000000000000       0x85 Blinky_Demo/main_blinky.o
 .group         0x0000000000000000        0xc FreeRTOS_Source/croutine.o
 .group         0x0000000000000000        0xc FreeRTOS_Source/croutine.o
 .group         0x0000000000000000        0xc FreeRTOS_Source/croutine.o
 .group         0x0000000000000000        0xc FreeRTOS_Source/croutine.o
 .group         0x0000000000000000        0xc FreeRTOS_Source/croutine.o
 .group         0x0000000000000000        0xc FreeRTOS_Source/croutine.o
 .group         0x0000000000000000        0xc FreeRTOS_Source/croutine.o
 .group         0x0000000000000000        0xc FreeRTOS_Source/croutine.o
 .group         0x0000000000000000        0xc FreeRTOS_Source/croutine.o
 .group         0x0000000000000000        0xc FreeRTOS_Source/croutine.o
 .group         0x0000000000000000        0xc FreeRTOS_Source/croutine.o
 .text          0x0000000000000000        0x0 FreeRTOS_Source/croutine.o
 .data          0x0000000000000000        0x0 FreeRTOS_Source/croutine.o
 .bss           0x0000000000000000        0x0 FreeRTOS_Source/croutine.o
 .debug_info    0x0000000000000000       0x7d FreeRTOS_Source/croutine.o
 .debug_abbrev  0x0000000000000000       0x29 FreeRTOS_Source/croutine.o
 .debug_aranges
                0x0000000000000000       0x18 FreeRTOS_Source/croutine.o
[...]
Memory Configuration

Name             Origin             Length             Attributes
*default*        0x0000000000000000 0xffffffffffffffff

Linker script and memory map

                0x0000000000100000                physbase = 0x100000
                0x0000000000100000                . = physbase
                0x0000000000100000                . = ALIGN (0x1000)

.text           0x0000000000100000     0x8000
                0x0000000000100000                __text_start = ABSOLUTE (.)
 *(.text.entry)
 .text.entry    0x0000000000100000       0xb4 Support_Files/startup.o
                0x0000000000100004                _mboot_hdr
                0x0000000000100024                _start
                0x000000000010003b                _restart
                0x0000000000100079                halt
                0x000000000010007c                inb
                0x0000000000100084                inw
                0x000000000010008d                inl
                0x0000000000100095                outb
                0x000000000010009f                outw
                0x00000000001000aa                outl
 *(.text)
 .text          0x00000000001000b4      0x179 FreeRTOS_Source/portable/GCC/IA32_flat/portASM.o
                0x00000000001000b4                vPortYieldCall
                0x00000000001000f0                vPortStartFirstTask
                0x0000000000100100                vPortAPICErrorHandlerWrapper
                0x0000000000100114                vPortTimerHandler
                0x000000000010017c                vPortCentralInterruptWrapper
                0x000000000010022c                vPortAPICSpuriousHandler
 *fill*         0x000000000010022d        0x3 
 .text          0x0000000000100230      0x116 /usr/lib/gcc/x86_64-linux-gnu/7/32/libgcc.a(_udivdi3.o)
                0x0000000000100230                __udivdi3
 *(.text.last)
 *(.text.*)
 .text.__x86.get_pc_thunk.bx
                0x0000000000100346        0x4 Blinky_Demo/main_blinky.o
                0x0000000000100346                __x86.get_pc_thunk.bx
 .text.__x86.get_pc_thunk.ax
                0x000000000010034a        0x4 FreeRTOS_Source/event_groups.o
                0x000000000010034a                __x86.get_pc_thunk.ax
 .text.vListInitialise
                0x000000000010034e       0x47 FreeRTOS_Source/list.o
                0x000000000010034e                vListInitialise
 .text.vListInitialiseItem
                0x0000000000100395       0x1a FreeRTOS_Source/list.o
                0x0000000000100395                vListInitialiseItem
 .text.vListInsertEnd
                0x00000000001003af       0x5c FreeRTOS_Source/list.o
                0x00000000001003af                vListInsertEnd
 .text.vListInsert
                0x000000000010040b       0x8d FreeRTOS_Source/list.o
                0x000000000010040b                vListInsert
 .text.uxListRemove
                0x0000000000100498       0x6c FreeRTOS_Source/list.o
                0x0000000000100498                uxListRemove
 .text.pxPortInitialiseStack
                0x0000000000100504       0xdc FreeRTOS_Source/portable/GCC/IA32_flat/port.o
                0x0000000000100504                pxPortInitialiseStack
 .text.prvSetInterruptGate
                0x00000000001005e0       0x93 FreeRTOS_Source/portable/GCC/IA32_flat/port.o
 .text.vPortSetupIDT
                0x0000000000100673       0x7c FreeRTOS_Source/portable/GCC/IA32_flat/port.o
                0x0000000000100673                vPortSetupIDT
 .text.prvTaskExitError
                0x00000000001006ef       0x38 FreeRTOS_Source/portable/GCC/IA32_flat/port.o
 .text.prvSetupTimerInterrupt
                0x0000000000100727       0xf9 FreeRTOS_Source/portable/GCC/IA32_flat/port.o
 .text.xPortStartScheduler
                0x0000000000100820       0x7e FreeRTOS_Source/portable/GCC/IA32_flat/port.o
                0x0000000000100820                xPortStartScheduler
 .text.vPortEnterCritical
                0x000000000010089e       0x5f FreeRTOS_Source/portable/GCC/IA32_flat/port.o
                0x000000000010089e                vPortEnterCritical
 .text.vPortExitCritical
                0x00000000001008fd       0x52 FreeRTOS_Source/portable/GCC/IA32_flat/port.o
                0x00000000001008fd                vPortExitCritical
 .text.ulPortSetInterruptMask
                0x000000000010094f       0x56 FreeRTOS_Source/portable/GCC/IA32_flat/port.o
                0x000000000010094f                ulPortSetInterruptMask
 .text.vPortClearInterruptMask
                0x00000000001009a5       0x46 FreeRTOS_Source/portable/GCC/IA32_flat/port.o
                0x00000000001009a5                vPortClearInterruptMask
 .text.vPortAPICErrorHandler
                0x00000000001009eb       0x5a FreeRTOS_Source/portable/GCC/IA32_flat/port.o
                0x00000000001009eb                vPortAPICErrorHandler
 .text.vPortCentralInterruptHandler
                0x0000000000100a45       0xa7 FreeRTOS_Source/portable/GCC/IA32_flat/port.o
                0x0000000000100a45                vPortCentralInterruptHandler
 .text.pvPortMalloc
                0x0000000000100aec      0x1ea FreeRTOS_Source/portable/MemMang/heap_4.o
                0x0000000000100aec                pvPortMalloc
 .text.vPortFree
                0x0000000000100cd6       0xde FreeRTOS_Source/portable/MemMang/heap_4.o
                0x0000000000100cd6                vPortFree
 .text.xPortGetFreeHeapSize
                0x0000000000100db4       0x15 FreeRTOS_Source/portable/MemMang/heap_4.o
                0x0000000000100db4                xPortGetFreeHeapSize
 .text.prvHeapInit
                0x0000000000100dc9       0xdb FreeRTOS_Source/portable/MemMang/heap_4.o
 .text.prvInsertBlockIntoFreeList
                0x0000000000100ea4       0xd4 FreeRTOS_Source/portable/MemMang/heap_4.o
 .text.xQueueGenericReset
                0x0000000000100f78      0x10f FreeRTOS_Source/queue.o
                0x0000000000100f78                xQueueGenericReset
 .text.xQueueGenericCreate
                0x0000000000101087       0x9a FreeRTOS_Source/queue.o
                0x0000000000101087                xQueueGenericCreate
 .text.prvInitialiseNewQueue
                0x0000000000101121       0x5d FreeRTOS_Source/queue.o
 .text.prvInitialiseMutex
                0x000000000010117e       0x47 FreeRTOS_Source/queue.o
 .text.xQueueCreateMutex
                0x00000000001011c5       0x54 FreeRTOS_Source/queue.o
                0x00000000001011c5                xQueueCreateMutex
 .text.xQueueGiveMutexRecursive
                0x0000000000101219       0x89 FreeRTOS_Source/queue.o
                0x0000000000101219                xQueueGiveMutexRecursive
 .text.xQueueTakeMutexRecursive
                0x00000000001012a2       0x90 FreeRTOS_Source/queue.o
                0x00000000001012a2                xQueueTakeMutexRecursive
 .text.xQueueGenericSend
                0x0000000000101332      0x2df FreeRTOS_Source/queue.o
                0x0000000000101332                xQueueGenericSend
 .text.xQueueGenericSendFromISR
                0x0000000000101611      0x1a1 FreeRTOS_Source/queue.o
                0x0000000000101611                xQueueGenericSendFromISR
 .text.xQueueReceive
                0x00000000001017b2      0x257 FreeRTOS_Source/queue.o
                0x00000000001017b2                xQueueReceive
 .text.xQueueSemaphoreTake
                0x0000000000101a09      0x2cc FreeRTOS_Source/queue.o
                0x0000000000101a09                xQueueSemaphoreTake
 .text.prvGetDisinheritPriorityAfterTimeout
                0x0000000000101cd5       0x3c FreeRTOS_Source/queue.o
 .text.prvCopyDataToQueue
                0x0000000000101d11      0x12f FreeRTOS_Source/queue.o
 .text.prvCopyDataFromQueue
                0x0000000000101e40       0x6e FreeRTOS_Source/queue.o
 .text.prvUnlockQueue
                0x0000000000101eae       0xdf FreeRTOS_Source/queue.o
 .text.prvIsQueueEmpty
                0x0000000000101f8d       0x3f FreeRTOS_Source/queue.o
 .text.prvIsQueueFull
                0x0000000000101fcc       0x45 FreeRTOS_Source/queue.o
 .text.vQueueAddToRegistry
                0x0000000000102011       0x5b FreeRTOS_Source/queue.o
                0x0000000000102011                vQueueAddToRegistry
 .text.vQueueWaitForMessageRestricted
                0x000000000010206c       0x7a FreeRTOS_Source/queue.o
                0x000000000010206c                vQueueWaitForMessageRestricted
 .text.prvNotifyQueueSetContainer
                0x00000000001020e6       0xda FreeRTOS_Source/queue.o
 .text.xTaskCreate
                0x00000000001021c0       0xc2 FreeRTOS_Source/tasks.o
                0x00000000001021c0                xTaskCreate
 .text.prvInitialiseNewTask
                0x0000000000102282      0x182 FreeRTOS_Source/tasks.o
 .text.prvAddNewTaskToReadyList
                0x0000000000102404      0x108 FreeRTOS_Source/tasks.o
 .text.vTaskDelay
                0x000000000010250c       0x85 FreeRTOS_Source/tasks.o
                0x000000000010250c                vTaskDelay
 .text.vTaskStartScheduler
                0x0000000000102591       0x98 FreeRTOS_Source/tasks.o
                0x0000000000102591                vTaskStartScheduler
 .text.vTaskSuspendAll
                0x0000000000102629       0x1d FreeRTOS_Source/tasks.o
                0x0000000000102629                vTaskSuspendAll
 .text.xTaskResumeAll
                0x0000000000102646      0x191 FreeRTOS_Source/tasks.o
                0x0000000000102646                xTaskResumeAll
 .text.xTaskGetTickCount
                0x00000000001027d7       0x2e FreeRTOS_Source/tasks.o
                0x00000000001027d7                xTaskGetTickCount
 .text.xTaskIncrementTick
                0x0000000000102805      0x1f3 FreeRTOS_Source/tasks.o
                0x0000000000102805                xTaskIncrementTick
 .text.vTaskSwitchContext
                0x00000000001029f8      0x12e FreeRTOS_Source/tasks.o
                0x00000000001029f8                vTaskSwitchContext
 .text.vTaskPlaceOnEventList
                0x0000000000102b26       0x5d FreeRTOS_Source/tasks.o
                0x0000000000102b26                vTaskPlaceOnEventList
 .text.vTaskPlaceOnEventListRestricted
                0x0000000000102b83       0x6b FreeRTOS_Source/tasks.o
                0x0000000000102b83                vTaskPlaceOnEventListRestricted
 .text.xTaskRemoveFromEventList
                0x0000000000102bee      0x101 FreeRTOS_Source/tasks.o
                0x0000000000102bee                xTaskRemoveFromEventList
 .text.vTaskInternalSetTimeOutState
                0x0000000000102cef       0x27 FreeRTOS_Source/tasks.o
                0x0000000000102cef                vTaskInternalSetTimeOutState
 .text.xTaskCheckForTimeOut
                0x0000000000102d16       0xed FreeRTOS_Source/tasks.o
                0x0000000000102d16                xTaskCheckForTimeOut
 .text.vTaskMissedYield
                0x0000000000102e03       0x1a FreeRTOS_Source/tasks.o
                0x0000000000102e03                vTaskMissedYield
 .text.prvIdleTask
                0x0000000000102e1d       0x45 FreeRTOS_Source/tasks.o
 .text.prvInitialiseTaskLists
                0x0000000000102e62       0xbd FreeRTOS_Source/tasks.o
 .text.prvCheckTasksWaitingTermination
                0x0000000000102f1f       0x74 FreeRTOS_Source/tasks.o
 .text.prvDeleteTCB
                0x0000000000102f93       0x38 FreeRTOS_Source/tasks.o
 .text.prvResetNextTaskUnblockTime
                0x0000000000102fcb       0x50 FreeRTOS_Source/tasks.o
 .text.xTaskGetCurrentTaskHandle
                0x000000000010301b       0x1e FreeRTOS_Source/tasks.o
                0x000000000010301b                xTaskGetCurrentTaskHandle
 .text.xTaskGetSchedulerState
                0x0000000000103039       0x42 FreeRTOS_Source/tasks.o
                0x0000000000103039                xTaskGetSchedulerState
 .text.xTaskPriorityInherit
                0x000000000010307b      0x17a FreeRTOS_Source/tasks.o
                0x000000000010307b                xTaskPriorityInherit
 .text.xTaskPriorityDisinherit
                0x00000000001031f5      0x16a FreeRTOS_Source/tasks.o
                0x00000000001031f5                xTaskPriorityDisinherit
 .text.vTaskPriorityDisinheritAfterTimeout
                0x000000000010335f      0x1a4 FreeRTOS_Source/tasks.o
                0x000000000010335f                vTaskPriorityDisinheritAfterTimeout
 .text.pvTaskIncrementMutexHeldCount
                0x0000000000103503       0x2c FreeRTOS_Source/tasks.o
                0x0000000000103503                pvTaskIncrementMutexHeldCount
 .text.xTaskGenericNotify
                0x000000000010352f      0x184 FreeRTOS_Source/tasks.o
                0x000000000010352f                xTaskGenericNotify
 .text.xTaskGenericNotifyFromISR
                0x00000000001036b3      0x1d9 FreeRTOS_Source/tasks.o
                0x00000000001036b3                xTaskGenericNotifyFromISR
 .text.prvAddCurrentTaskToDelayedList
                0x000000000010388c       0xf7 FreeRTOS_Source/tasks.o
 .text.xTimerCreateTimerTask
                0x0000000000103983       0x79 FreeRTOS_Source/timers.o
                0x0000000000103983                xTimerCreateTimerTask
 .text.xTimerGenericCommand
                0x00000000001039fc       0xbe FreeRTOS_Source/timers.o
                0x00000000001039fc                xTimerGenericCommand
 .text.prvProcessExpiredTimer
                0x0000000000103aba       0xad FreeRTOS_Source/timers.o
 .text.prvTimerTask
                0x0000000000103b67       0x3b FreeRTOS_Source/timers.o
 .text.prvProcessTimerOrBlockTask
                0x0000000000103ba2       0xc5 FreeRTOS_Source/timers.o
 .text.prvGetNextExpireTime
                0x0000000000103c67       0x4b FreeRTOS_Source/timers.o
 .text.prvSampleTimeNow
                0x0000000000103cb2       0x50 FreeRTOS_Source/timers.o
 .text.prvInsertTimerInActiveList
                0x0000000000103d02       0xa6 FreeRTOS_Source/timers.o
 .text.prvProcessReceivedCommands
                0x0000000000103da8      0x1c0 FreeRTOS_Source/timers.o
 .text.prvSwitchTimerLists
                0x0000000000103f68      0x110 FreeRTOS_Source/timers.o
 .text.prvCheckForValidListAndQueue
                0x0000000000104078       0xa2 FreeRTOS_Source/timers.o
 .text.pciIOread32
                0x000000000010411a       0x41 Support_Files/GPIO_I2C.o
 .text.pciIOwrite32
                0x000000000010415b       0x40 Support_Files/GPIO_I2C.o
 .text.uiGalileoGPIORead
                0x000000000010419b       0x3c Support_Files/GPIO_I2C.o
 .text.vGalileoGPIOWrite
                0x00000000001041d7       0x4b Support_Files/GPIO_I2C.o
 .text.uiGalileoLegacyGPIOPCIRead
                0x0000000000104222       0x23 Support_Files/GPIO_I2C.o
 .text.vGalileoLegacyGPIOPCIWrite
                0x0000000000104245       0x43 Support_Files/GPIO_I2C.o
 .text.uiGalileoLegacyGPIOPortRead
                0x0000000000104288       0x2a Support_Files/GPIO_I2C.o
 .text.vGalileoLegacyGPIOPortRMW
                0x00000000001042b2       0x4a Support_Files/GPIO_I2C.o
 .text.vGalileoInitializeLegacyGPIO
                0x00000000001042fc      0x2e4 Support_Files/GPIO_I2C.o
                0x00000000001042fc                vGalileoInitializeLegacyGPIO
 .text.vGalileoInitializeGpioController
                0x00000000001045e0      0x1e9 Support_Files/GPIO_I2C.o
                0x00000000001045e0                vGalileoInitializeGpioController
 .text.GetLegacyGpioBase
                0x00000000001047c9       0x7d Support_Files/GPIO_I2C.o
                0x00000000001047c9                GetLegacyGpioBase
 .text.LegacyGpioSetLevel
                0x0000000000104846       0xc0 Support_Files/GPIO_I2C.o
 .text.vGalileoLegacyGPIOInitializationForLED
                0x0000000000104906       0x3a Support_Files/GPIO_I2C.o
                0x0000000000104906                vGalileoLegacyGPIOInitializationForLED
 .text.vGalileoLegacyGPIOFOROUTPUT
                0x0000000000104940       0x24 Support_Files/GPIO_I2C.o
                0x0000000000104940                vGalileoLegacyGPIOFOROUTPUT
 .text.vGalileoLegacyGPIOFORINPUT
                0x0000000000104964       0x24 Support_Files/GPIO_I2C.o
                0x0000000000104964                vGalileoLegacyGPIOFORINPUT
 .text.vGalileoBlinkLEDUsingLegacyGPIO
                0x0000000000104988       0x2b Support_Files/GPIO_I2C.o
                0x0000000000104988                vGalileoBlinkLEDUsingLegacyGPIO
 .text.rdtsc    0x00000000001049b3       0x57 Support_Files/GPIO_I2C.o
 .text.vMicroSecondDelay
                0x0000000000104a0a       0x8f Support_Files/GPIO_I2C.o
                0x0000000000104a0a                vMicroSecondDelay
 .text.vMilliSecondDelay
                0x0000000000104a99       0x3e Support_Files/GPIO_I2C.o
                0x0000000000104a99                vMilliSecondDelay
 .text.GetI2CIoPortBaseAddress
                0x0000000000104ad7       0x6f Support_Files/GPIO_I2C.o
 .text.EnableI2CMmioSpace
                0x0000000000104b46       0x8a Support_Files/GPIO_I2C.o
 .text.DisableI2CController
                0x0000000000104bd0       0xa2 Support_Files/GPIO_I2C.o
 .text.EnableI2CController
                0x0000000000104c72       0x6b Support_Files/GPIO_I2C.o
 .text.InitializeInternal
                0x0000000000104cdd       0x9e Support_Files/GPIO_I2C.o
 .text.I2cEntry
                0x0000000000104d7b       0xf4 Support_Files/GPIO_I2C.o
 .text.I2cExit  0x0000000000104e6f       0x8b Support_Files/GPIO_I2C.o
 .text.WaitForStopDet
                0x0000000000104efa       0xaa Support_Files/GPIO_I2C.o
 .text.WriteMultipleByte
                0x0000000000104fa4       0xc9 Support_Files/GPIO_I2C.o
                0x0000000000104fa4                WriteMultipleByte
 .text.I2CWriteMultipleBytes
                0x000000000010506d       0x8e Support_Files/GPIO_I2C.o
 .text.ReadMultipleByte
                0x00000000001050fb      0x1f0 Support_Files/GPIO_I2C.o
                0x00000000001050fb                ReadMultipleByte
 .text.I2CReadMultipleBytes
                0x00000000001052eb       0x97 Support_Files/GPIO_I2C.o
 .text.Pcal9555SetPortRegBit
                0x0000000000105382      0x105 Support_Files/GPIO_I2C.o
 .text.PlatformPcal9555GpioPullup
                0x0000000000105487       0x2c Support_Files/GPIO_I2C.o
 .text.PlatformPcal9555GpioSetDir
                0x00000000001054b3       0x2c Support_Files/GPIO_I2C.o
 .text.PlatformPcal9555GpioSetLevel
                0x00000000001054df       0x2c Support_Files/GPIO_I2C.o
 .text.vGalileoRouteLEDPins
                0x000000000010550b       0x68 Support_Files/GPIO_I2C.o
 .text.__x86.get_pc_thunk.cx
                0x0000000000105573        0x4 Support_Files/GPIO_I2C.o
                0x0000000000105573                __x86.get_pc_thunk.cx
 .text.vClearHPETCounters
                0x0000000000105577       0x26 Support_Files/HPET.o
 .text.vStopHPETTimer
                0x000000000010559d       0x3d Support_Files/HPET.o
 .text.vStartHPETTimer
                0x00000000001055da       0x70 Support_Files/HPET.o
 .text.vConfigureHPETTimer
                0x000000000010564a       0xe8 Support_Files/HPET.o
 .text.uiCalibrateTimer
                0x0000000000105732      0x603 Support_Files/HPET.o
                0x0000000000105732                uiCalibrateTimer
 .text.memcpy   0x0000000000105d35       0x51 Support_Files/freestanding_functions.o
                0x0000000000105d35                memcpy
 .text.memset   0x0000000000105d86       0x40 Support_Files/freestanding_functions.o
                0x0000000000105d86                memset
 .text.setsegs  0x0000000000105dc6       0xe6 Support_Files/galileo-support.o
                0x0000000000105dc6                setsegs
 .text.vCreatePrintfSemaphore
                0x0000000000105eac       0x4e Support_Files/galileo-support.o
 .text.ClearScreen
                0x0000000000105efa       0x3c Support_Files/galileo-support.o
                0x0000000000105efa                ClearScreen
 .text.UngatedMoveToScreenPosition
                0x0000000000105f36       0x48 Support_Files/galileo-support.o
                0x0000000000105f36                UngatedMoveToScreenPosition
 .text.g_printf
                0x0000000000105f7e       0x6b Support_Files/galileo-support.o
                0x0000000000105f7e                g_printf
 .text.g_printf_rcc
                0x0000000000105fe9       0xa8 Support_Files/galileo-support.o
                0x0000000000105fe9                g_printf_rcc
 .text.vPrintBanner
                0x0000000000106091       0x5a Support_Files/galileo-support.o
                0x0000000000106091                vPrintBanner
 .text.vInitializeGalileoUART
                0x00000000001060eb      0x17d Support_Files/galileo-support.o
 .text.vInitializeGalileoSerialPort
                0x0000000000106268       0x3a Support_Files/galileo-support.o
                0x0000000000106268                vInitializeGalileoSerialPort
 .text.vGalileoPrintc
                0x00000000001062a2       0x9a Support_Files/galileo-support.o
                0x00000000001062a2                vGalileoPrintc
 .text.ucGalileoGetchar
                0x000000000010633c       0xaa Support_Files/galileo-support.o
                0x000000000010633c                ucGalileoGetchar
 .text.DS18B20_Reset
                0x00000000001063e6       0xb8 Support_Files/galileo-support.o
                0x00000000001063e6                DS18B20_Reset
 .text.DS18B20_ReadByte
                0x000000000010649e       0xb1 Support_Files/galileo-support.o
                0x000000000010649e                DS18B20_ReadByte
 .text.DS18B20_WriteByte
                0x000000000010654f       0xdb Support_Files/galileo-support.o
                0x000000000010654f                DS18B20_WriteByte
 .text.DS18B20_ReadTemp
                0x000000000010662a      0x1ad Support_Files/galileo-support.o
                0x000000000010662a                DS18B20_ReadTemp
 .text.printchar
                0x00000000001067d7       0x4a Support_Files/printf-stdarg.o
 .text.prints   0x0000000000106821       0xcd Support_Files/printf-stdarg.o
 .text.printi   0x00000000001068ee       0xfd Support_Files/printf-stdarg.o
 .text.print    0x00000000001069eb      0x213 Support_Files/printf-stdarg.o
                0x00000000001069eb                print
 .text.printf   0x0000000000106bfe       0x2c Support_Files/printf-stdarg.o
                0x0000000000106bfe                printf
 .text.main     0x0000000000106c2a       0x76 main.o
                0x0000000000106c2a                main
 .text.TemperatureTest
                0x0000000000106ca0       0x42 main.o
 .text.vApplicationMallocFailedHook
                0x0000000000106ce2       0x35 main.o
                0x0000000000106ce2                vApplicationMallocFailedHook
 .text.vApplicationStackOverflowHook
                0x0000000000106d17       0x30 main.o
                0x0000000000106d17                vApplicationStackOverflowHook
 .text.vApplicationIdleHook
                0x0000000000106d47       0x25 main.o
                0x0000000000106d47                vApplicationIdleHook
 .text.prvDisplayAssertion
                0x0000000000106d6c       0x8a main.o
 .text.prvClearAssertionLine
                0x0000000000106df6       0x5d main.o
 .text.vAssertCalled
                0x0000000000106e53       0x59 main.o
                0x0000000000106e53                vAssertCalled
 .text.vApplicationTickHook
                0x0000000000106eac       0x10 main.o
                0x0000000000106eac                vApplicationTickHook
 .text.prvSetupHardware
                0x0000000000106ebc       0x3e main.o
 .text.prvLoopToWaitForDebugConnection
                0x0000000000106efa       0x10 main.o
 .text.CRT_Init
                0x0000000000106f0a       0x90 main.o
                0x0000000000106f0a                CRT_Init
 .text.prvCalibrateLVTimer
                0x0000000000106f9a       0x74 main.o
                0x0000000000107010                . = ALIGN (0x4)
 *fill*         0x000000000010700e        0x2 
 *(.rodata)
 .rodata        0x0000000000107010       0x2e FreeRTOS_Source/portable/GCC/IA32_flat/port.o
 *fill*         0x000000000010703e        0x2 
 .rodata        0x0000000000107040       0x2e FreeRTOS_Source/portable/MemMang/heap_4.o
 .rodata        0x000000000010706e       0x18 FreeRTOS_Source/queue.o
 *fill*         0x0000000000107086        0x2 
 .rodata        0x0000000000107088       0x48 FreeRTOS_Source/tasks.o
 .rodata        0x00000000001070d0       0x51 FreeRTOS_Source/timers.o
 *fill*         0x0000000000107121       0x1f 
 .rodata        0x0000000000107140       0x80 Support_Files/GPIO_I2C.o
 .rodata        0x00000000001071c0      0x344 Support_Files/galileo-support.o
 .rodata        0x0000000000107504        0x7 Support_Files/printf-stdarg.o
 *fill*         0x000000000010750b        0x1 
 .rodata        0x000000000010750c       0x9b main.o
 *(.rodata.*)
                0x00000000001075a7                __text_end = ABSOLUTE (.)
                0x0000000000108000                . = ALIGN (0x1000)
 *fill*         0x00000000001075a7      0xa59 

.plt            0x0000000000108000        0x0
 .plt           0x0000000000108000        0x0 Blinky_Demo/main_blinky.o

.plt.got        0x0000000000108000        0x0
 .plt.got       0x0000000000108000        0x0 Blinky_Demo/main_blinky.o

.data           0x0000000000108000     0x1000
                0x0000000000108000                __data_start = ABSOLUTE (.)
                0x0000000000108000                __data_lma = LOADADDR (.data)
                0x0000000000108000                __data_vma = ABSOLUTE (.)
 *(.data)
 .data          0x0000000000108000        0x4 FreeRTOS_Source/portable/GCC/IA32_flat/port.o
                0x0000000000108000                ulCriticalNesting
 *fill*         0x0000000000108004       0x1c 
 .data          0x0000000000108020       0x60 Support_Files/galileo-support.o
                0x0000000000108020                bootinfo
                0x0000000000108024                bootsign
 .data          0x0000000000108080       0x46 Support_Files/startup.o
                0x0000000000108080                gdt
 *(.data.*)
 .data.rel.ro   0x00000000001080c6        0x0 Blinky_Demo/main_blinky.o
 *fill*         0x00000000001080c6        0x2 
 .data.rel.local
                0x00000000001080c8        0x4 FreeRTOS_Source/portable/GCC/IA32_flat/port.o
                0x00000000001080c8                ulTopOfSystemStack
                0x00000000001080cc                __data_end = ABSOLUTE (.)
                0x0000000000109000                . = ALIGN (0x1000)
 *fill*         0x00000000001080cc      0xf34 

.dynamic        0x0000000000109000       0x90
 .dynamic       0x0000000000109000       0x90 Blinky_Demo/main_blinky.o
                0x0000000000109000                _DYNAMIC

.got            0x0000000000109090        0x0
 .got           0x0000000000109090        0x0 Blinky_Demo/main_blinky.o

.got.plt        0x0000000000109090        0xc
 .got.plt       0x0000000000109090        0xc Blinky_Demo/main_blinky.o
                0x0000000000109090                _GLOBAL_OFFSET_TABLE_

.bss            0x00000000001090a0     0xf360
                0x00000000001090a0                __bss_start = ABSOLUTE (.)
 *(.bss)
 .bss           0x00000000001090a0     0x1198 FreeRTOS_Source/portable/GCC/IA32_flat/port.o
                0x00000000001090a0                pucPortTaskFPUContextBuffer
                0x00000000001090a4                ulPortYieldPending
                0x00000000001090a8                ulInterruptNesting
 *fill*         0x000000000010a238        0x8 
 .bss           0x000000000010a240     0xdc18 FreeRTOS_Source/portable/MemMang/heap_4.o
 *fill*         0x0000000000117e58        0x8 
 .bss           0x0000000000117e60      0x148 FreeRTOS_Source/tasks.o
                0x0000000000117e60                pxCurrentTCB
 .bss           0x0000000000117fa8       0x3c FreeRTOS_Source/timers.o
 *fill*         0x0000000000117fe4       0x1c 
 .bss           0x0000000000118000       0x78 Support_Files/GPIO_I2C.o
 .bss           0x0000000000118078       0x14 Support_Files/galileo-support.o
 *(COMMON)
 *fill*         0x000000000011808c       0x14 
 COMMON         0x00000000001180a0       0x40 FreeRTOS_Source/queue.o
                0x00000000001180a0                xQueueRegistry
 COMMON         0x00000000001180e0        0x4 Support_Files/HPET.o
                0x00000000001180e0                hpet_general_status
 COMMON         0x00000000001180e4        0x5 Support_Files/galileo-support.o
                0x00000000001180e4                RegValue
                0x00000000001180e8                e
                0x00000000001180e9                __bss_end = ABSOLUTE (.)
                0x0000000000118400                . = ALIGN (0x400)
 *fill*         0x00000000001180e9      0x317 

.dynbss         0x0000000000118400        0x0
 .dynbss        0x0000000000118400        0x0 Blinky_Demo/main_blinky.o

.boot_stack     0x0000000000118400      0x800
                0x0000000000118c00                . = (. + 0x800)
 *fill*         0x0000000000118400      0x800 
                0x0000000000118c00                __stack_for_main = ABSOLUTE (.)
                0x0000000000118c00                . = ALIGN (0x400)

.eh_frame       0x0000000000118c00     0x1690
 *(.eh_frame)
 .eh_frame      0x0000000000118c00       0x2c Blinky_Demo/main_blinky.o
                                         0x80 (size before relaxing)
 .eh_frame      0x0000000000118c2c        0x0 Blinky_Demo/main_blinky.o
 .eh_frame      0x0000000000118c2c        0x0 Blinky_Demo/main_blinky.o
 .eh_frame      0x0000000000118c2c       0x14 FreeRTOS_Source/event_groups.o
                                        0x19c (size before relaxing)
 .eh_frame      0x0000000000118c40       0xa0 FreeRTOS_Source/list.o
                                         0xcc (size before relaxing)
 .eh_frame      0x0000000000118ce0      0x1a0 FreeRTOS_Source/portable/GCC/IA32_flat/port.o
                                        0x2ac (size before relaxing)
 .eh_frame      0x0000000000118e80       0xa8 FreeRTOS_Source/portable/MemMang/heap_4.o
                                        0x128 (size before relaxing)
 .eh_frame      0x0000000000118f28      0x2c8 FreeRTOS_Source/queue.o
                                        0x57c (size before relaxing)
 .eh_frame      0x00000000001191f0        0x0 FreeRTOS_Source/stream_buffer.o
                                        0x30c (size before relaxing)
 .eh_frame      0x00000000001191f0      0x414 FreeRTOS_Source/tasks.o
                                        0x764 (size before relaxing)
 .eh_frame      0x0000000000119604      0x180 FreeRTOS_Source/timers.o
                                        0x34c (size before relaxing)
 .eh_frame      0x0000000000119784        0x0 Full_Demo/IntQueueTimer.o
                                         0xc8 (size before relaxing)
 .eh_frame      0x0000000000119784        0x0 Full_Demo/Standard_Demo_Tasks/Minimal/BlockQ.o
                                         0xbc (size before relaxing)
 .eh_frame      0x0000000000119784        0x0 Full_Demo/Standard_Demo_Tasks/Minimal/EventGroupsDemo.o
                                        0x18c (size before relaxing)
 .eh_frame      0x0000000000119784        0x0 Full_Demo/Standard_Demo_Tasks/Minimal/GenQTest.o
                                        0x13c (size before relaxing)
 .eh_frame      0x0000000000119784        0x0 Full_Demo/Standard_Demo_Tasks/Minimal/IntQueue.o
                                        0x1c4 (size before relaxing)
 .eh_frame      0x0000000000119784        0x0 Full_Demo/Standard_Demo_Tasks/Minimal/QPeek.o
                                         0xf4 (size before relaxing)
 .eh_frame      0x0000000000119784        0x0 Full_Demo/Standard_Demo_Tasks/Minimal/QueueOverwrite.o
                                         0xc4 (size before relaxing)
 .eh_frame      0x0000000000119784        0x0 Full_Demo/Standard_Demo_Tasks/Minimal/QueueSet.o
                                        0x1f4 (size before relaxing)
 .eh_frame      0x0000000000119784        0x0 Full_Demo/Standard_Demo_Tasks/Minimal/TaskNotify.o
                                        0x150 (size before relaxing)
 .eh_frame      0x0000000000119784        0x0 Full_Demo/Standard_Demo_Tasks/Minimal/TimerDemo.o
                                        0x24c (size before relaxing)
 .eh_frame      0x0000000000119784        0x0 Full_Demo/Standard_Demo_Tasks/Minimal/blocktim.o
                                         0xe0 (size before relaxing)
 .eh_frame      0x0000000000119784        0x0 Full_Demo/Standard_Demo_Tasks/Minimal/countsem.o
                                         0xe8 (size before relaxing)
 .eh_frame      0x0000000000119784        0x0 Full_Demo/Standard_Demo_Tasks/Minimal/death.o
                                         0xc0 (size before relaxing)
 .eh_frame      0x0000000000119784        0x0 Full_Demo/Standard_Demo_Tasks/Minimal/dynamic.o
                                        0x110 (size before relaxing)
 .eh_frame      0x0000000000119784        0x0 Full_Demo/Standard_Demo_Tasks/Minimal/flop.o
                                         0xf4 (size before relaxing)
 .eh_frame      0x0000000000119784        0x0 Full_Demo/Standard_Demo_Tasks/Minimal/recmutex.o
                                         0xd8 (size before relaxing)
 .eh_frame      0x0000000000119784        0x0 Full_Demo/Standard_Demo_Tasks/Minimal/semtest.o
                                         0xa0 (size before relaxing)
 .eh_frame      0x0000000000119784        0x0 Full_Demo/main_full.o
                                         0xb0 (size before relaxing)
 .eh_frame      0x0000000000119784      0x4d8 Support_Files/GPIO_I2C.o
                                        0x568 (size before relaxing)
 .eh_frame      0x0000000000119c5c       0xb0 Support_Files/HPET.o
                                        0x2a4 (size before relaxing)
 .eh_frame      0x0000000000119d0c       0x40 Support_Files/freestanding_functions.o
                                         0xb0 (size before relaxing)
 .eh_frame      0x0000000000119d4c      0x230 Support_Files/galileo-support.o
                                        0x3c8 (size before relaxing)
 .eh_frame      0x0000000000119f7c       0xcc Support_Files/printf-stdarg.o
                                        0x158 (size before relaxing)
 .eh_frame      0x000000000011a048      0x1c4 main.o
                                        0x274 (size before relaxing)
 .eh_frame      0x000000000011a20c       0x84 /usr/lib/gcc/x86_64-linux-gnu/7/32/libgcc.a(_udivdi3.o)
                                         0x9c (size before relaxing)
                0x000000000011a290                . = ALIGN (0x4)

.interp         0x000000000011a290       0x13
 .interp        0x000000000011a290       0x13 Blinky_Demo/main_blinky.o

.note.gnu.build-id
                0x000000000011a2a4       0x24
 .note.gnu.build-id
                0x000000000011a2a4       0x24 Blinky_Demo/main_blinky.o

.gnu.version_d  0x000000000011a2c8        0x0
 .gnu.version_d
                0x000000000011a2c8        0x0 Blinky_Demo/main_blinky.o

.gnu.version    0x000000000011a2c8        0x0
 .gnu.version   0x000000000011a2c8        0x0 Blinky_Demo/main_blinky.o

.gnu.version_r  0x000000000011a2c8        0x0
 .gnu.version_r
                0x000000000011a2c8        0x0 Blinky_Demo/main_blinky.o

.dynsym         0x000000000011a2c8       0x10
 .dynsym        0x000000000011a2c8       0x10 Blinky_Demo/main_blinky.o

.dynstr         0x000000000011a2d8        0x1
 .dynstr        0x000000000011a2d8        0x1 Blinky_Demo/main_blinky.o

.gnu.hash       0x000000000011a2dc       0x18
 .gnu.hash      0x000000000011a2dc       0x18 Blinky_Demo/main_blinky.o

.eh_frame_hdr   0x000000000011a2f4      0x524
 .eh_frame_hdr  0x000000000011a2f4      0x524 Blinky_Demo/main_blinky.o
                0x000000000011a2f4                __GNU_EH_FRAME_HDR

.rel.dyn        0x000000000011a818      0x150
 .rel.plt       0x000000000011a818        0x0 Blinky_Demo/main_blinky.o
 .rel.got       0x000000000011a818        0x0 Blinky_Demo/main_blinky.o
 .rel.bss       0x000000000011a818        0x0 Blinky_Demo/main_blinky.o
 .rel.data.rel.ro
                0x000000000011a818        0x0 Blinky_Demo/main_blinky.o
 .rel.ifunc     0x000000000011a818        0x0 Blinky_Demo/main_blinky.o
 .rel.data.rel.local
                0x000000000011a818        0x8 Blinky_Demo/main_blinky.o
 .rel.text      0x000000000011a820       0xf0 Blinky_Demo/main_blinky.o
 .rel.data      0x000000000011a910        0x8 Blinky_Demo/main_blinky.o
 .rel.text.entry
                0x000000000011a918       0x50 Blinky_Demo/main_blinky.o

.drectve
 *(.drectve)

.comment        0x0000000000000000       0x29
 *(.comment)
 .comment       0x0000000000000000       0x29 Blinky_Demo/main_blinky.o
                                         0x2a (size before relaxing)
 .comment       0x0000000000000029       0x2a FreeRTOS_Source/event_groups.o
 .comment       0x0000000000000029       0x2a FreeRTOS_Source/list.o
 .comment       0x0000000000000029       0x2a FreeRTOS_Source/portable/GCC/IA32_flat/port.o
 .comment       0x0000000000000029       0x2a FreeRTOS_Source/portable/MemMang/heap_4.o
 .comment       0x0000000000000029       0x2a FreeRTOS_Source/queue.o
 .comment       0x0000000000000029       0x2a FreeRTOS_Source/stream_buffer.o
 .comment       0x0000000000000029       0x2a FreeRTOS_Source/tasks.o
 .comment       0x0000000000000029       0x2a FreeRTOS_Source/timers.o
 .comment       0x0000000000000029       0x2a Full_Demo/IntQueueTimer.o
 .comment       0x0000000000000029       0x2a Full_Demo/Standard_Demo_Tasks/Minimal/BlockQ.o
 .comment       0x0000000000000029       0x2a Full_Demo/Standard_Demo_Tasks/Minimal/EventGroupsDemo.o
 .comment       0x0000000000000029       0x2a Full_Demo/Standard_Demo_Tasks/Minimal/GenQTest.o
 .comment       0x0000000000000029       0x2a Full_Demo/Standard_Demo_Tasks/Minimal/IntQueue.o
 .comment       0x0000000000000029       0x2a Full_Demo/Standard_Demo_Tasks/Minimal/QPeek.o
 .comment       0x0000000000000029       0x2a Full_Demo/Standard_Demo_Tasks/Minimal/QueueOverwrite.o
 .comment       0x0000000000000029       0x2a Full_Demo/Standard_Demo_Tasks/Minimal/QueueSet.o
 .comment       0x0000000000000029       0x2a Full_Demo/Standard_Demo_Tasks/Minimal/TaskNotify.o
 .comment       0x0000000000000029       0x2a Full_Demo/Standard_Demo_Tasks/Minimal/TimerDemo.o
 .comment       0x0000000000000029       0x2a Full_Demo/Standard_Demo_Tasks/Minimal/blocktim.o
 .comment       0x0000000000000029       0x2a Full_Demo/Standard_Demo_Tasks/Minimal/countsem.o
 .comment       0x0000000000000029       0x2a Full_Demo/Standard_Demo_Tasks/Minimal/death.o
 .comment       0x0000000000000029       0x2a Full_Demo/Standard_Demo_Tasks/Minimal/dynamic.o
 .comment       0x0000000000000029       0x2a Full_Demo/Standard_Demo_Tasks/Minimal/flop.o
 .comment       0x0000000000000029       0x2a Full_Demo/Standard_Demo_Tasks/Minimal/recmutex.o
 .comment       0x0000000000000029       0x2a Full_Demo/Standard_Demo_Tasks/Minimal/semtest.o
 .comment       0x0000000000000029       0x2a Full_Demo/main_full.o
 .comment       0x0000000000000029       0x2a Support_Files/GPIO_I2C.o
 .comment       0x0000000000000029       0x2a Support_Files/HPET.o
 .comment       0x0000000000000029       0x2a Support_Files/freestanding_functions.o
 .comment       0x0000000000000029       0x2a Support_Files/galileo-support.o
 .comment       0x0000000000000029       0x2a Support_Files/printf-stdarg.o
 .comment       0x0000000000000029       0x2a main.o
LOAD Blinky_Demo/main_blinky.o
LOAD FreeRTOS_Source/croutine.o
LOAD FreeRTOS_Source/event_groups.o
LOAD FreeRTOS_Source/list.o
LOAD FreeRTOS_Source/portable/GCC/IA32_flat/port.o
LOAD FreeRTOS_Source/portable/GCC/IA32_flat/portASM.o
LOAD FreeRTOS_Source/portable/MemMang/heap_4.o
LOAD FreeRTOS_Source/queue.o
LOAD FreeRTOS_Source/stream_buffer.o
LOAD FreeRTOS_Source/tasks.o
LOAD FreeRTOS_Source/timers.o
LOAD Full_Demo/IntQueueTimer.o
LOAD Full_Demo/RegTest.o
LOAD Full_Demo/Standard_Demo_Tasks/Minimal/BlockQ.o
LOAD Full_Demo/Standard_Demo_Tasks/Minimal/EventGroupsDemo.o
LOAD Full_Demo/Standard_Demo_Tasks/Minimal/GenQTest.o
LOAD Full_Demo/Standard_Demo_Tasks/Minimal/IntQueue.o
LOAD Full_Demo/Standard_Demo_Tasks/Minimal/QPeek.o
LOAD Full_Demo/Standard_Demo_Tasks/Minimal/QueueOverwrite.o
LOAD Full_Demo/Standard_Demo_Tasks/Minimal/QueueSet.o
LOAD Full_Demo/Standard_Demo_Tasks/Minimal/TaskNotify.o
LOAD Full_Demo/Standard_Demo_Tasks/Minimal/TimerDemo.o
LOAD Full_Demo/Standard_Demo_Tasks/Minimal/blocktim.o
LOAD Full_Demo/Standard_Demo_Tasks/Minimal/countsem.o
LOAD Full_Demo/Standard_Demo_Tasks/Minimal/death.o
LOAD Full_Demo/Standard_Demo_Tasks/Minimal/dynamic.o
LOAD Full_Demo/Standard_Demo_Tasks/Minimal/flop.o
LOAD Full_Demo/Standard_Demo_Tasks/Minimal/recmutex.o
LOAD Full_Demo/Standard_Demo_Tasks/Minimal/semtest.o
LOAD Full_Demo/main_full.o
LOAD Support_Files/GPIO_I2C.o
LOAD Support_Files/HPET.o
LOAD Support_Files/freestanding_functions.o
LOAD Support_Files/galileo-support.o
LOAD Support_Files/printf-stdarg.o
LOAD Support_Files/startup.o
LOAD main.o
LOAD /usr/lib/gcc/x86_64-linux-gnu/7/32/libgcc.a
OUTPUT(RTOSDemo.elf elf32-i386)

.note.GNU-stack
                0x0000000000000000        0x0
 .note.GNU-stack
                0x0000000000000000        0x0 Blinky_Demo/main_blinky.o
 .note.GNU-stack
                0x0000000000000000        0x0 FreeRTOS_Source/event_groups.o
 .note.GNU-stack
                0x0000000000000000        0x0 FreeRTOS_Source/list.o
 .note.GNU-stack
                0x0000000000000000        0x0 FreeRTOS_Source/portable/GCC/IA32_flat/port.o
 .note.GNU-stack
                0x0000000000000000        0x0 FreeRTOS_Source/portable/MemMang/heap_4.o
 .note.GNU-stack
                0x0000000000000000        0x0 FreeRTOS_Source/queue.o
 .note.GNU-stack
                0x0000000000000000        0x0 FreeRTOS_Source/stream_buffer.o
 .note.GNU-stack
                0x0000000000000000        0x0 FreeRTOS_Source/tasks.o
 .note.GNU-stack
                0x0000000000000000        0x0 FreeRTOS_Source/timers.o
 .note.GNU-stack
                0x0000000000000000        0x0 Full_Demo/IntQueueTimer.o
 .note.GNU-stack
                0x0000000000000000        0x0 Full_Demo/Standard_Demo_Tasks/Minimal/BlockQ.o
 .note.GNU-stack
                0x0000000000000000        0x0 Full_Demo/Standard_Demo_Tasks/Minimal/EventGroupsDemo.o
 .note.GNU-stack
                0x0000000000000000        0x0 Full_Demo/Standard_Demo_Tasks/Minimal/GenQTest.o
 .note.GNU-stack
                0x0000000000000000        0x0 Full_Demo/Standard_Demo_Tasks/Minimal/IntQueue.o
 .note.GNU-stack
                0x0000000000000000        0x0 Full_Demo/Standard_Demo_Tasks/Minimal/QPeek.o
 .note.GNU-stack
                0x0000000000000000        0x0 Full_Demo/Standard_Demo_Tasks/Minimal/QueueOverwrite.o
 .note.GNU-stack
                0x0000000000000000        0x0 Full_Demo/Standard_Demo_Tasks/Minimal/QueueSet.o
 .note.GNU-stack
                0x0000000000000000        0x0 Full_Demo/Standard_Demo_Tasks/Minimal/TaskNotify.o
 .note.GNU-stack
                0x0000000000000000        0x0 Full_Demo/Standard_Demo_Tasks/Minimal/TimerDemo.o
 .note.GNU-stack
                0x0000000000000000        0x0 Full_Demo/Standard_Demo_Tasks/Minimal/blocktim.o
 .note.GNU-stack
                0x0000000000000000        0x0 Full_Demo/Standard_Demo_Tasks/Minimal/countsem.o
 .note.GNU-stack
                0x0000000000000000        0x0 Full_Demo/Standard_Demo_Tasks/Minimal/death.o
 .note.GNU-stack
                0x0000000000000000        0x0 Full_Demo/Standard_Demo_Tasks/Minimal/dynamic.o
 .note.GNU-stack
                0x0000000000000000        0x0 Full_Demo/Standard_Demo_Tasks/Minimal/flop.o
 .note.GNU-stack
                0x0000000000000000        0x0 Full_Demo/Standard_Demo_Tasks/Minimal/recmutex.o
 .note.GNU-stack
                0x0000000000000000        0x0 Full_Demo/Standard_Demo_Tasks/Minimal/semtest.o
 .note.GNU-stack
                0x0000000000000000        0x0 Full_Demo/main_full.o
 .note.GNU-stack
                0x0000000000000000        0x0 Support_Files/GPIO_I2C.o
 .note.GNU-stack
                0x0000000000000000        0x0 Support_Files/HPET.o
 .note.GNU-stack
                0x0000000000000000        0x0 Support_Files/freestanding_functions.o
 .note.GNU-stack
                0x0000000000000000        0x0 Support_Files/galileo-support.o
 .note.GNU-stack
                0x0000000000000000        0x0 Support_Files/printf-stdarg.o
 .note.GNU-stack
                0x0000000000000000        0x0 main.o
 .note.GNU-stack
                0x0000000000000000        0x0 /usr/lib/gcc/x86_64-linux-gnu/7/32/libgcc.a(_udivdi3.o)

.debug_info     0x0000000000000000     0xc715
 .debug_info    0x0000000000000000      0x256 Blinky_Demo/main_blinky.o
 .debug_info    0x0000000000000256      0x65a FreeRTOS_Source/event_groups.o
 .debug_info    0x00000000000008b0      0x29b FreeRTOS_Source/list.o
 .debug_info    0x0000000000000b4b      0x54d FreeRTOS_Source/portable/GCC/IA32_flat/port.o
 .debug_info    0x0000000000001098       0x26 FreeRTOS_Source/portable/GCC/IA32_flat/portASM.o
 .debug_info    0x00000000000010be      0x2f1 FreeRTOS_Source/portable/MemMang/heap_4.o
 .debug_info    0x00000000000013af     0x124a FreeRTOS_Source/queue.o
 .debug_info    0x00000000000025f9      0xa82 FreeRTOS_Source/stream_buffer.o
 .debug_info    0x000000000000307b     0x15dd FreeRTOS_Source/tasks.o
 .debug_info    0x0000000000004658      0xada FreeRTOS_Source/timers.o
 .debug_info    0x0000000000005132      0x15f Full_Demo/IntQueueTimer.o
 .debug_info    0x0000000000005291      0x325 Full_Demo/Standard_Demo_Tasks/Minimal/BlockQ.o
 .debug_info    0x00000000000055b6      0x467 Full_Demo/Standard_Demo_Tasks/Minimal/EventGroupsDemo.o
 .debug_info    0x0000000000005a1d      0x372 Full_Demo/Standard_Demo_Tasks/Minimal/GenQTest.o
 .debug_info    0x0000000000005d8f      0x6c6 Full_Demo/Standard_Demo_Tasks/Minimal/IntQueue.o
 .debug_info    0x0000000000006455      0x288 Full_Demo/Standard_Demo_Tasks/Minimal/QPeek.o
 .debug_info    0x00000000000066dd      0x223 Full_Demo/Standard_Demo_Tasks/Minimal/QueueOverwrite.o
 .debug_info    0x0000000000006900      0x4e4 Full_Demo/Standard_Demo_Tasks/Minimal/QueueSet.o
 .debug_info    0x0000000000006de4      0x45b Full_Demo/Standard_Demo_Tasks/Minimal/TaskNotify.o
 .debug_info    0x000000000000723f      0x4c7 Full_Demo/Standard_Demo_Tasks/Minimal/TimerDemo.o
 .debug_info    0x0000000000007706      0x2f2 Full_Demo/Standard_Demo_Tasks/Minimal/blocktim.o
 .debug_info    0x00000000000079f8      0x25b Full_Demo/Standard_Demo_Tasks/Minimal/countsem.o
 .debug_info    0x0000000000007c53      0x22a Full_Demo/Standard_Demo_Tasks/Minimal/death.o
 .debug_info    0x0000000000007e7d      0x349 Full_Demo/Standard_Demo_Tasks/Minimal/dynamic.o
 .debug_info    0x00000000000081c6      0x385 Full_Demo/Standard_Demo_Tasks/Minimal/flop.o
 .debug_info    0x000000000000854b      0x2a0 Full_Demo/Standard_Demo_Tasks/Minimal/recmutex.o
 .debug_info    0x00000000000087eb      0x2a6 Full_Demo/Standard_Demo_Tasks/Minimal/semtest.o
 .debug_info    0x0000000000008a91      0x397 Full_Demo/main_full.o
 .debug_info    0x0000000000008e28     0x115b Support_Files/GPIO_I2C.o
 .debug_info    0x0000000000009f83      0xee9 Support_Files/HPET.o
 .debug_info    0x000000000000ae6c      0x230 Support_Files/freestanding_functions.o
 .debug_info    0x000000000000b09c      0xcc0 Support_Files/galileo-support.o
 .debug_info    0x000000000000bd5c      0x4de Support_Files/printf-stdarg.o
 .debug_info    0x000000000000c23a       0x26 Support_Files/startup.o
 .debug_info    0x000000000000c260      0x4b5 main.o

.debug_abbrev   0x0000000000000000     0x2e2b
 .debug_abbrev  0x0000000000000000       0xde Blinky_Demo/main_blinky.o
 .debug_abbrev  0x00000000000000de      0x16e FreeRTOS_Source/event_groups.o
 .debug_abbrev  0x000000000000024c       0xe2 FreeRTOS_Source/list.o
 .debug_abbrev  0x000000000000032e      0x1f1 FreeRTOS_Source/portable/GCC/IA32_flat/port.o
 .debug_abbrev  0x000000000000051f       0x14 FreeRTOS_Source/portable/GCC/IA32_flat/portASM.o
 .debug_abbrev  0x0000000000000533      0x173 FreeRTOS_Source/portable/MemMang/heap_4.o
 .debug_abbrev  0x00000000000006a6      0x209 FreeRTOS_Source/queue.o
 .debug_abbrev  0x00000000000008af      0x176 FreeRTOS_Source/stream_buffer.o
 .debug_abbrev  0x0000000000000a25      0x272 FreeRTOS_Source/tasks.o
 .debug_abbrev  0x0000000000000c97      0x1c9 FreeRTOS_Source/timers.o
 .debug_abbrev  0x0000000000000e60       0x9c Full_Demo/IntQueueTimer.o
 .debug_abbrev  0x0000000000000efc      0x101 Full_Demo/Standard_Demo_Tasks/Minimal/BlockQ.o
 .debug_abbrev  0x0000000000000ffd      0x13d Full_Demo/Standard_Demo_Tasks/Minimal/EventGroupsDemo.o
 .debug_abbrev  0x000000000000113a      0x102 Full_Demo/Standard_Demo_Tasks/Minimal/GenQTest.o
 .debug_abbrev  0x000000000000123c      0x171 Full_Demo/Standard_Demo_Tasks/Minimal/IntQueue.o
 .debug_abbrev  0x00000000000013ad       0xf9 Full_Demo/Standard_Demo_Tasks/Minimal/QPeek.o
 .debug_abbrev  0x00000000000014a6       0xdb Full_Demo/Standard_Demo_Tasks/Minimal/QueueOverwrite.o
 .debug_abbrev  0x0000000000001581      0x180 Full_Demo/Standard_Demo_Tasks/Minimal/QueueSet.o
 .debug_abbrev  0x0000000000001701      0x12e Full_Demo/Standard_Demo_Tasks/Minimal/TaskNotify.o
 .debug_abbrev  0x000000000000182f      0x149 Full_Demo/Standard_Demo_Tasks/Minimal/TimerDemo.o
 .debug_abbrev  0x0000000000001978       0xfe Full_Demo/Standard_Demo_Tasks/Minimal/blocktim.o
 .debug_abbrev  0x0000000000001a76      0x109 Full_Demo/Standard_Demo_Tasks/Minimal/countsem.o
 .debug_abbrev  0x0000000000001b7f       0xd9 Full_Demo/Standard_Demo_Tasks/Minimal/death.o
 .debug_abbrev  0x0000000000001c58      0x11c Full_Demo/Standard_Demo_Tasks/Minimal/dynamic.o
 .debug_abbrev  0x0000000000001d74      0x119 Full_Demo/Standard_Demo_Tasks/Minimal/flop.o
 .debug_abbrev  0x0000000000001e8d      0x111 Full_Demo/Standard_Demo_Tasks/Minimal/recmutex.o
 .debug_abbrev  0x0000000000001f9e      0x10c Full_Demo/Standard_Demo_Tasks/Minimal/semtest.o
 .debug_abbrev  0x00000000000020aa       0xef Full_Demo/main_full.o
 .debug_abbrev  0x0000000000002199      0x275 Support_Files/GPIO_I2C.o
 .debug_abbrev  0x000000000000240e      0x2e5 Support_Files/HPET.o
 .debug_abbrev  0x00000000000026f3       0xc0 Support_Files/freestanding_functions.o
 .debug_abbrev  0x00000000000027b3      0x2df Support_Files/galileo-support.o
 .debug_abbrev  0x0000000000002a92      0x178 Support_Files/printf-stdarg.o
 .debug_abbrev  0x0000000000002c0a       0x14 Support_Files/startup.o
 .debug_abbrev  0x0000000000002c1e      0x20d main.o

.debug_aranges  0x0000000000000000     0x1000
 .debug_aranges
                0x0000000000000000       0x30 Blinky_Demo/main_blinky.o
 .debug_aranges
                0x0000000000000030       0x68 FreeRTOS_Source/event_groups.o
 .debug_aranges
                0x0000000000000098       0x40 FreeRTOS_Source/list.o
 .debug_aranges
                0x00000000000000d8       0xa8 FreeRTOS_Source/portable/GCC/IA32_flat/port.o
 .debug_aranges
                0x0000000000000180       0x20 FreeRTOS_Source/portable/GCC/IA32_flat/portASM.o
 .debug_aranges
                0x00000000000001a0       0x50 FreeRTOS_Source/portable/MemMang/heap_4.o
 .debug_aranges
                0x00000000000001f0      0x148 FreeRTOS_Source/queue.o
 .debug_aranges
                0x0000000000000338       0xb8 FreeRTOS_Source/stream_buffer.o
 .debug_aranges
                0x00000000000003f0      0x1b8 FreeRTOS_Source/tasks.o
 .debug_aranges
                0x00000000000005a8       0xc8 FreeRTOS_Source/timers.o
 .debug_aranges
                0x0000000000000670       0x38 Full_Demo/IntQueueTimer.o
 .debug_aranges
                0x00000000000006a8       0x38 Full_Demo/Standard_Demo_Tasks/Minimal/BlockQ.o
 .debug_aranges
                0x00000000000006e0       0x68 Full_Demo/Standard_Demo_Tasks/Minimal/EventGroupsDemo.o
 .debug_aranges
                0x0000000000000748       0x58 Full_Demo/Standard_Demo_Tasks/Minimal/GenQTest.o
 .debug_aranges
                0x00000000000007a0       0x78 Full_Demo/Standard_Demo_Tasks/Minimal/IntQueue.o
 .debug_aranges
                0x0000000000000818       0x48 Full_Demo/Standard_Demo_Tasks/Minimal/QPeek.o
 .debug_aranges
                0x0000000000000860       0x38 Full_Demo/Standard_Demo_Tasks/Minimal/QueueOverwrite.o
 .debug_aranges
                0x0000000000000898       0x80 Full_Demo/Standard_Demo_Tasks/Minimal/QueueSet.o
 .debug_aranges
                0x0000000000000918       0x58 Full_Demo/Standard_Demo_Tasks/Minimal/TaskNotify.o
 .debug_aranges
                0x0000000000000970       0x90 Full_Demo/Standard_Demo_Tasks/Minimal/TimerDemo.o
 .debug_aranges
                0x0000000000000a00       0x40 Full_Demo/Standard_Demo_Tasks/Minimal/blocktim.o
 .debug_aranges
                0x0000000000000a40       0x40 Full_Demo/Standard_Demo_Tasks/Minimal/countsem.o
 .debug_aranges
                0x0000000000000a80       0x38 Full_Demo/Standard_Demo_Tasks/Minimal/death.o
 .debug_aranges
                0x0000000000000ab8       0x50 Full_Demo/Standard_Demo_Tasks/Minimal/dynamic.o
 .debug_aranges
                0x0000000000000b08       0x48 Full_Demo/Standard_Demo_Tasks/Minimal/flop.o
 .debug_aranges
                0x0000000000000b50       0x40 Full_Demo/Standard_Demo_Tasks/Minimal/recmutex.o
 .debug_aranges
                0x0000000000000b90       0x30 Full_Demo/Standard_Demo_Tasks/Minimal/semtest.o
 .debug_aranges
                0x0000000000000bc0       0x38 Full_Demo/main_full.o
 .debug_aranges
                0x0000000000000bf8      0x148 Support_Files/GPIO_I2C.o
 .debug_aranges
                0x0000000000000d40       0x98 Support_Files/HPET.o
 .debug_aranges
                0x0000000000000dd8       0x38 Support_Files/freestanding_functions.o
 .debug_aranges
                0x0000000000000e10       0xd8 Support_Files/galileo-support.o
 .debug_aranges
                0x0000000000000ee8       0x58 Support_Files/printf-stdarg.o
 .debug_aranges
                0x0000000000000f40       0x20 Support_Files/startup.o
 .debug_aranges
                0x0000000000000f60       0xa0 main.o

.debug_ranges   0x0000000000000000      0xe40
 .debug_ranges  0x0000000000000000       0x20 Blinky_Demo/main_blinky.o
 .debug_ranges  0x0000000000000020       0x58 FreeRTOS_Source/event_groups.o
 .debug_ranges  0x0000000000000078       0x30 FreeRTOS_Source/list.o
 .debug_ranges  0x00000000000000a8       0x98 FreeRTOS_Source/portable/GCC/IA32_flat/port.o
 .debug_ranges  0x0000000000000140       0x40 FreeRTOS_Source/portable/MemMang/heap_4.o
 .debug_ranges  0x0000000000000180      0x138 FreeRTOS_Source/queue.o
 .debug_ranges  0x00000000000002b8       0xa8 FreeRTOS_Source/stream_buffer.o
 .debug_ranges  0x0000000000000360      0x220 FreeRTOS_Source/tasks.o
 .debug_ranges  0x0000000000000580       0xd0 FreeRTOS_Source/timers.o
 .debug_ranges  0x0000000000000650       0x28 Full_Demo/IntQueueTimer.o
 .debug_ranges  0x0000000000000678       0x28 Full_Demo/Standard_Demo_Tasks/Minimal/BlockQ.o
 .debug_ranges  0x00000000000006a0       0x58 Full_Demo/Standard_Demo_Tasks/Minimal/EventGroupsDemo.o
 .debug_ranges  0x00000000000006f8       0x48 Full_Demo/Standard_Demo_Tasks/Minimal/GenQTest.o
 .debug_ranges  0x0000000000000740       0x68 Full_Demo/Standard_Demo_Tasks/Minimal/IntQueue.o
 .debug_ranges  0x00000000000007a8       0x38 Full_Demo/Standard_Demo_Tasks/Minimal/QPeek.o
 .debug_ranges  0x00000000000007e0       0x28 Full_Demo/Standard_Demo_Tasks/Minimal/QueueOverwrite.o
 .debug_ranges  0x0000000000000808       0x70 Full_Demo/Standard_Demo_Tasks/Minimal/QueueSet.o
 .debug_ranges  0x0000000000000878       0x48 Full_Demo/Standard_Demo_Tasks/Minimal/TaskNotify.o
 .debug_ranges  0x00000000000008c0       0x80 Full_Demo/Standard_Demo_Tasks/Minimal/TimerDemo.o
 .debug_ranges  0x0000000000000940       0x30 Full_Demo/Standard_Demo_Tasks/Minimal/blocktim.o
 .debug_ranges  0x0000000000000970       0x30 Full_Demo/Standard_Demo_Tasks/Minimal/countsem.o
 .debug_ranges  0x00000000000009a0       0x28 Full_Demo/Standard_Demo_Tasks/Minimal/death.o
 .debug_ranges  0x00000000000009c8       0x40 Full_Demo/Standard_Demo_Tasks/Minimal/dynamic.o
 .debug_ranges  0x0000000000000a08       0x38 Full_Demo/Standard_Demo_Tasks/Minimal/flop.o
 .debug_ranges  0x0000000000000a40       0x30 Full_Demo/Standard_Demo_Tasks/Minimal/recmutex.o
 .debug_ranges  0x0000000000000a70       0x20 Full_Demo/Standard_Demo_Tasks/Minimal/semtest.o
 .debug_ranges  0x0000000000000a90       0x28 Full_Demo/main_full.o
 .debug_ranges  0x0000000000000ab8      0x138 Support_Files/GPIO_I2C.o
 .debug_ranges  0x0000000000000bf0       0x88 Support_Files/HPET.o
 .debug_ranges  0x0000000000000c78       0x28 Support_Files/freestanding_functions.o
 .debug_ranges  0x0000000000000ca0       0xc8 Support_Files/galileo-support.o
 .debug_ranges  0x0000000000000d68       0x48 Support_Files/printf-stdarg.o
 .debug_ranges  0x0000000000000db0       0x90 main.o

.debug_macro    0x0000000000000000     0x4530
 .debug_macro   0x0000000000000000       0xf5 Blinky_Demo/main_blinky.o
 .debug_macro   0x00000000000000f5      0x7de Blinky_Demo/main_blinky.o
 .debug_macro   0x00000000000008d3      0x174 Blinky_Demo/main_blinky.o
 .debug_macro   0x0000000000000a47      0x15b Blinky_Demo/main_blinky.o
 .debug_macro   0x0000000000000ba2      0x15a Blinky_Demo/main_blinky.o
 .debug_macro   0x0000000000000cfc      0x176 Blinky_Demo/main_blinky.o
 .debug_macro   0x0000000000000e72       0x10 Blinky_Demo/main_blinky.o
 .debug_macro   0x0000000000000e82       0x1f Blinky_Demo/main_blinky.o
 .debug_macro   0x0000000000000ea1      0x46a Blinky_Demo/main_blinky.o
 .debug_macro   0x000000000000130b       0xb5 Blinky_Demo/main_blinky.o
 .debug_macro   0x00000000000013c0       0x8c Blinky_Demo/main_blinky.o
 .debug_macro   0x000000000000144c       0x86 Blinky_Demo/main_blinky.o
 .debug_macro   0x00000000000014d2       0x7e Blinky_Demo/main_blinky.o
 .debug_macro   0x0000000000001550       0x58 Blinky_Demo/main_blinky.o
 .debug_macro   0x00000000000015a8       0x92 Blinky_Demo/main_blinky.o
 .debug_macro   0x000000000000163a      0x3a7 Blinky_Demo/main_blinky.o
 .debug_macro   0x00000000000019e1      0x162 Blinky_Demo/main_blinky.o
 .debug_macro   0x0000000000001b43      0x174 Blinky_Demo/main_blinky.o
 .debug_macro   0x0000000000001cb7       0xdc FreeRTOS_Source/event_groups.o
 .debug_macro   0x0000000000001d93       0x91 FreeRTOS_Source/event_groups.o
 .debug_macro   0x0000000000001e24       0x19 FreeRTOS_Source/event_groups.o
 .debug_macro   0x0000000000001e3d       0x83 FreeRTOS_Source/list.o
 .debug_macro   0x0000000000001ec0      0x182 FreeRTOS_Source/portable/GCC/IA32_flat/port.o
 .debug_macro   0x0000000000002042       0x10 FreeRTOS_Source/portable/GCC/IA32_flat/port.o
 .debug_macro   0x0000000000002052      0x17b FreeRTOS_Source/portable/GCC/IA32_flat/port.o
 .debug_macro   0x00000000000021cd       0x22 FreeRTOS_Source/portable/GCC/IA32_flat/port.o
 .debug_macro   0x00000000000021ef       0x27 FreeRTOS_Source/portable/GCC/IA32_flat/port.o
 .debug_macro   0x0000000000002216      0x168 FreeRTOS_Source/portable/GCC/IA32_flat/port.o
 .debug_macro   0x000000000000237e       0x1c FreeRTOS_Source/portable/GCC/IA32_flat/port.o
 .debug_macro   0x000000000000239a       0x4a FreeRTOS_Source/portable/GCC/IA32_flat/port.o
 .debug_macro   0x00000000000023e4       0x46 FreeRTOS_Source/portable/GCC/IA32_flat/port.o
 .debug_macro   0x000000000000242a       0x34 FreeRTOS_Source/portable/GCC/IA32_flat/port.o
 .debug_macro   0x000000000000245e       0x1f FreeRTOS_Source/portable/GCC/IA32_flat/port.o
 .debug_macro   0x000000000000247d       0xc3 FreeRTOS_Source/portable/GCC/IA32_flat/port.o
 .debug_macro   0x0000000000002540       0x1c FreeRTOS_Source/portable/GCC/IA32_flat/port.o
 .debug_macro   0x000000000000255c       0x58 FreeRTOS_Source/portable/GCC/IA32_flat/port.o
 .debug_macro   0x00000000000025b4       0x88 FreeRTOS_Source/portable/GCC/IA32_flat/port.o
 .debug_macro   0x000000000000263c       0x76 FreeRTOS_Source/portable/GCC/IA32_flat/port.o
 .debug_macro   0x00000000000026b2       0xee FreeRTOS_Source/portable/GCC/IA32_flat/port.o
 .debug_macro   0x00000000000027a0       0xaa FreeRTOS_Source/portable/MemMang/heap_4.o
 .debug_macro   0x000000000000284a       0xe8 FreeRTOS_Source/queue.o
 .debug_macro   0x0000000000002932       0xd4 FreeRTOS_Source/stream_buffer.o
 .debug_macro   0x0000000000002a06       0x18 FreeRTOS_Source/stream_buffer.o
 .debug_macro   0x0000000000002a1e      0x160 FreeRTOS_Source/tasks.o
 .debug_macro   0x0000000000002b7e       0x10 FreeRTOS_Source/tasks.o
 .debug_macro   0x0000000000002b8e       0xc6 FreeRTOS_Source/timers.o
 .debug_macro   0x0000000000002c54       0x84 Full_Demo/IntQueueTimer.o
 .debug_macro   0x0000000000002cd8       0xb1 Full_Demo/Standard_Demo_Tasks/Minimal/BlockQ.o
 .debug_macro   0x0000000000002d89      0x132 Full_Demo/Standard_Demo_Tasks/Minimal/EventGroupsDemo.o
 .debug_macro   0x0000000000002ebb       0xe2 Full_Demo/Standard_Demo_Tasks/Minimal/GenQTest.o
 .debug_macro   0x0000000000002f9d      0x117 Full_Demo/Standard_Demo_Tasks/Minimal/IntQueue.o
 .debug_macro   0x00000000000030b4       0xe2 Full_Demo/Standard_Demo_Tasks/Minimal/QPeek.o
 .debug_macro   0x0000000000003196       0xa7 Full_Demo/Standard_Demo_Tasks/Minimal/QueueOverwrite.o
 .debug_macro   0x000000000000323d      0x1a5 Full_Demo/Standard_Demo_Tasks/Minimal/QueueSet.o
 .debug_macro   0x00000000000033e2      0x16f Full_Demo/Standard_Demo_Tasks/Minimal/TaskNotify.o
 .debug_macro   0x0000000000003551       0xc1 Full_Demo/Standard_Demo_Tasks/Minimal/TimerDemo.o
 .debug_macro   0x0000000000003612       0xd1 Full_Demo/Standard_Demo_Tasks/Minimal/blocktim.o
 .debug_macro   0x00000000000036e3       0xc8 Full_Demo/Standard_Demo_Tasks/Minimal/countsem.o
 .debug_macro   0x00000000000037ab       0xa2 Full_Demo/Standard_Demo_Tasks/Minimal/death.o
 .debug_macro   0x000000000000384d       0xd8 Full_Demo/Standard_Demo_Tasks/Minimal/dynamic.o
 .debug_macro   0x0000000000003925       0xb2 Full_Demo/Standard_Demo_Tasks/Minimal/flop.o
 .debug_macro   0x00000000000039d7       0xd4 Full_Demo/Standard_Demo_Tasks/Minimal/recmutex.o
 .debug_macro   0x0000000000003aab       0xd2 Full_Demo/Standard_Demo_Tasks/Minimal/semtest.o
 .debug_macro   0x0000000000003b7d      0x1f4 Full_Demo/main_full.o
 .debug_macro   0x0000000000003d71       0x48 Support_Files/GPIO_I2C.o
 .debug_macro   0x0000000000003db9      0x3a1 Support_Files/GPIO_I2C.o
 .debug_macro   0x000000000000415a       0xdd Support_Files/HPET.o
 .debug_macro   0x0000000000004237       0x1a Support_Files/freestanding_functions.o
 .debug_macro   0x0000000000004251       0xd4 Support_Files/galileo-support.o
 .debug_macro   0x0000000000004325       0x22 Support_Files/galileo-support.o
 .debug_macro   0x0000000000004347       0xd7 Support_Files/printf-stdarg.o
 .debug_macro   0x000000000000441e      0x112 main.o

.debug_line     0x0000000000000000     0xa5cc
 .debug_line    0x0000000000000000      0x2f9 Blinky_Demo/main_blinky.o
 .debug_line    0x00000000000002f9      0x45a FreeRTOS_Source/event_groups.o
 .debug_line    0x0000000000000753      0x2ad FreeRTOS_Source/list.o
 .debug_line    0x0000000000000a00      0x5ec FreeRTOS_Source/portable/GCC/IA32_flat/port.o
 .debug_line    0x0000000000000fec       0xba FreeRTOS_Source/portable/GCC/IA32_flat/portASM.o
 .debug_line    0x00000000000010a6      0x372 FreeRTOS_Source/portable/MemMang/heap_4.o
 .debug_line    0x0000000000001418      0xb1e FreeRTOS_Source/queue.o
 .debug_line    0x0000000000001f36      0x5fc FreeRTOS_Source/stream_buffer.o
 .debug_line    0x0000000000002532      0xd7a FreeRTOS_Source/tasks.o
 .debug_line    0x00000000000032ac      0x59b FreeRTOS_Source/timers.o
 .debug_line    0x0000000000003847      0x2db Full_Demo/IntQueueTimer.o
 .debug_line    0x0000000000003b22      0x340 Full_Demo/Standard_Demo_Tasks/Minimal/BlockQ.o
 .debug_line    0x0000000000003e62      0x52f Full_Demo/Standard_Demo_Tasks/Minimal/EventGroupsDemo.o
 .debug_line    0x0000000000004391      0x4a5 Full_Demo/Standard_Demo_Tasks/Minimal/GenQTest.o
 .debug_line    0x0000000000004836      0x62a Full_Demo/Standard_Demo_Tasks/Minimal/IntQueue.o
 .debug_line    0x0000000000004e60      0x38a Full_Demo/Standard_Demo_Tasks/Minimal/QPeek.o
 .debug_line    0x00000000000051ea      0x343 Full_Demo/Standard_Demo_Tasks/Minimal/QueueOverwrite.o
 .debug_line    0x000000000000552d      0x5db Full_Demo/Standard_Demo_Tasks/Minimal/QueueSet.o
 .debug_line    0x0000000000005b08      0x6ed Full_Demo/Standard_Demo_Tasks/Minimal/TaskNotify.o
 .debug_line    0x00000000000061f5      0x836 Full_Demo/Standard_Demo_Tasks/Minimal/TimerDemo.o
 .debug_line    0x0000000000006a2b      0x3fe Full_Demo/Standard_Demo_Tasks/Minimal/blocktim.o
 .debug_line    0x0000000000006e29      0x384 Full_Demo/Standard_Demo_Tasks/Minimal/countsem.o
 .debug_line    0x00000000000071ad      0x30d Full_Demo/Standard_Demo_Tasks/Minimal/death.o
 .debug_line    0x00000000000074ba      0x3d0 Full_Demo/Standard_Demo_Tasks/Minimal/dynamic.o
 .debug_line    0x000000000000788a      0x3bc Full_Demo/Standard_Demo_Tasks/Minimal/flop.o
 .debug_line    0x0000000000007c46      0x3b6 Full_Demo/Standard_Demo_Tasks/Minimal/recmutex.o
 .debug_line    0x0000000000007ffc      0x354 Full_Demo/Standard_Demo_Tasks/Minimal/semtest.o
 .debug_line    0x0000000000008350      0x4bd Full_Demo/main_full.o
 .debug_line    0x000000000000880d      0x5a1 Support_Files/GPIO_I2C.o
 .debug_line    0x0000000000008dae      0x754 Support_Files/HPET.o
 .debug_line    0x0000000000009502      0x113 Support_Files/freestanding_functions.o
 .debug_line    0x0000000000009615      0x64b Support_Files/galileo-support.o
 .debug_line    0x0000000000009c60      0x43b Support_Files/printf-stdarg.o
 .debug_line    0x000000000000a09b       0x86 Support_Files/startup.o
 .debug_line    0x000000000000a121      0x4ab main.o

.debug_str      0x0000000000000000    0x15548
 .debug_str     0x0000000000000000     0xa32e Blinky_Demo/main_blinky.o
                                       0xa49e (size before relaxing)
 .debug_str     0x000000000000a32e      0xdad FreeRTOS_Source/event_groups.o
                                       0x79b0 (size before relaxing)
 .debug_str     0x000000000000b0db       0xa4 FreeRTOS_Source/list.o
                                       0x6740 (size before relaxing)
 .debug_str     0x000000000000b17f     0x21e8 FreeRTOS_Source/portable/GCC/IA32_flat/port.o
                                       0x8e89 (size before relaxing)
 .debug_str     0x000000000000d367       0x3d FreeRTOS_Source/portable/GCC/IA32_flat/portASM.o
                                         0x8d (size before relaxing)
 .debug_str     0x000000000000d3a4      0x25c FreeRTOS_Source/portable/MemMang/heap_4.o
                                       0x6e53 (size before relaxing)
 .debug_str     0x000000000000d600      0x854 FreeRTOS_Source/queue.o
                                       0x7d09 (size before relaxing)
 .debug_str     0x000000000000de54      0xc30 FreeRTOS_Source/stream_buffer.o
                                       0x7910 (size before relaxing)
 .debug_str     0x000000000000ea84     0x1386 FreeRTOS_Source/tasks.o
                                       0x89a0 (size before relaxing)
 .debug_str     0x000000000000fe0a      0x4e4 FreeRTOS_Source/timers.o
                                       0x813c (size before relaxing)
 .debug_str     0x00000000000102ee       0xd3 Full_Demo/IntQueueTimer.o
                                       0x5f7f (size before relaxing)
 .debug_str     0x00000000000103c1      0x256 Full_Demo/Standard_Demo_Tasks/Minimal/BlockQ.o
                                       0x7583 (size before relaxing)
 .debug_str     0x0000000000010617      0x575 Full_Demo/Standard_Demo_Tasks/Minimal/EventGroupsDemo.o
                                       0x7b45 (size before relaxing)
 .debug_str     0x0000000000010b8c      0x300 Full_Demo/Standard_Demo_Tasks/Minimal/GenQTest.o
                                       0x7d87 (size before relaxing)
 .debug_str     0x0000000000010e8c      0xb11 Full_Demo/Standard_Demo_Tasks/Minimal/IntQueue.o
                                       0x7eca (size before relaxing)
 .debug_str     0x000000000001199d      0x1f7 Full_Demo/Standard_Demo_Tasks/Minimal/QPeek.o
                                       0x7c5b (size before relaxing)
 .debug_str     0x0000000000011b94      0x122 Full_Demo/Standard_Demo_Tasks/Minimal/QueueOverwrite.o
                                       0x744c (size before relaxing)
 .debug_str     0x0000000000011cb6      0x515 Full_Demo/Standard_Demo_Tasks/Minimal/QueueSet.o
                                       0x9605 (size before relaxing)
 .debug_str     0x00000000000121cb      0x2d8 Full_Demo/Standard_Demo_Tasks/Minimal/TaskNotify.o
                                       0x94f4 (size before relaxing)
 .debug_str     0x00000000000124a3      0x4a7 Full_Demo/Standard_Demo_Tasks/Minimal/TimerDemo.o
                                       0x7864 (size before relaxing)
 .debug_str     0x000000000001294a      0x2ff Full_Demo/Standard_Demo_Tasks/Minimal/blocktim.o
                                       0x7619 (size before relaxing)
 .debug_str     0x0000000000012c49      0x1cb Full_Demo/Standard_Demo_Tasks/Minimal/countsem.o
                                       0x7c15 (size before relaxing)
 .debug_str     0x0000000000012e14      0x127 Full_Demo/Standard_Demo_Tasks/Minimal/death.o
                                       0x6d29 (size before relaxing)
 .debug_str     0x0000000000012f3b      0x2a5 Full_Demo/Standard_Demo_Tasks/Minimal/dynamic.o
                                       0x7d4a (size before relaxing)
 .debug_str     0x00000000000131e0      0x146 Full_Demo/Standard_Demo_Tasks/Minimal/flop.o
                                       0x6d3f (size before relaxing)
 .debug_str     0x0000000000013326      0x2cb Full_Demo/Standard_Demo_Tasks/Minimal/recmutex.o
                                       0x7d4d (size before relaxing)
 .debug_str     0x00000000000135f1      0x205 Full_Demo/Standard_Demo_Tasks/Minimal/semtest.o
                                       0x7cc4 (size before relaxing)
 .debug_str     0x00000000000137f6      0x392 Full_Demo/main_full.o
                                       0xafc0 (size before relaxing)
 .debug_str     0x0000000000013b88      0x80d Support_Files/GPIO_I2C.o
                                       0x48c3 (size before relaxing)
 .debug_str     0x0000000000014395      0x32a Support_Files/HPET.o
                                       0xa681 (size before relaxing)
 .debug_str     0x00000000000146bf       0xbd Support_Files/freestanding_functions.o
                                       0x2a1e (size before relaxing)
 .debug_str     0x000000000001477c      0x560 Support_Files/galileo-support.o
                                       0x9bcb (size before relaxing)
 .debug_str     0x0000000000014cdc       0x98 Support_Files/printf-stdarg.o
                                       0x96aa (size before relaxing)
 .debug_str     0x0000000000014d74       0x1b Support_Files/startup.o
                                         0x77 (size before relaxing)
 .debug_str     0x0000000000014d8f      0x7b9 main.o
                                       0xab6d (size before relaxing)
